// Jest Snapshot v1, https://goo.gl/fbAQLP

exports[`render CatalogPage 1`] = `
<DocumentFragment>
  <div
    class="bp3-navbar bp3-dark"
  >
    <div
      class="bp3-navbar-group bp3-align-left"
    >
      <div
        class="bp3-navbar-heading"
      >
        Uncle's Store
      </div>
      <div
        class="bp3-navbar-divider"
      />
    </div>
    <div
      class="bp3-navbar-group bp3-align-right"
    >
      <button
        class="bp3-button bp3-intent-warning bp3-button"
        type="button"
      >
        <span
          class="bp3-icon bp3-icon-cog"
          icon="cog"
        >
          <svg
            data-icon="cog"
            height="16"
            viewBox="0 0 16 16"
            width="16"
          >
            <desc>
              cog
            </desc>
            <path
              d="M15.19 6.39h-1.85c-.11-.37-.27-.71-.45-1.04l1.36-1.36c.31-.31.31-.82 0-1.13l-1.13-1.13a.803.803 0 00-1.13 0l-1.36 1.36c-.33-.17-.67-.33-1.04-.44V.79c0-.44-.36-.8-.8-.8h-1.6c-.44 0-.8.36-.8.8v1.86c-.39.12-.75.28-1.1.47l-1.3-1.3c-.3-.3-.79-.3-1.09 0L1.82 2.91c-.3.3-.3.79 0 1.09l1.3 1.3c-.2.34-.36.7-.48 1.09H.79c-.44 0-.8.36-.8.8v1.6c0 .44.36.8.8.8h1.85c.11.37.27.71.45 1.04l-1.36 1.36c-.31.31-.31.82 0 1.13l1.13 1.13c.31.31.82.31 1.13 0l1.36-1.36c.33.18.67.33 1.04.44v1.86c0 .44.36.8.8.8h1.6c.44 0 .8-.36.8-.8v-1.86c.39-.12.75-.28 1.1-.47l1.3 1.3c.3.3.79.3 1.09 0l1.09-1.09c.3-.3.3-.79 0-1.09l-1.3-1.3c.19-.35.36-.71.48-1.1h1.85c.44 0 .8-.36.8-.8v-1.6a.816.816 0 00-.81-.79zm-7.2 4.6c-1.66 0-3-1.34-3-3s1.34-3 3-3 3 1.34 3 3-1.34 3-3 3z"
              fill-rule="evenodd"
            />
          </svg>
        </span>
        <span
          class="bp3-button-text"
        >
          Admin Mode
        </span>
      </button>
    </div>
  </div>
  <div
    class="root"
  >
    <div
      class="body"
    >
      <div
        class="bp3-non-ideal-state"
      >
        <h4
          class="bp3-heading"
        >
          We are restocking!
        </h4>
        <div>
          Please wait for items to be added...
        </div>
      </div>
      <div
        class="bp3-spinner"
      >
        <div
          class="bp3-spinner-animation"
        >
          <svg
            height="50"
            stroke-width="8.00"
            viewBox="1.00 1.00 98.00 98.00"
            width="50"
          >
            <path
              class="bp3-spinner-track"
              d="M 50,50 m 0,-45 a 45,45 0 1 1 0,90 a 45,45 0 1 1 0,-90"
            />
            <path
              class="bp3-spinner-head"
              d="M 50,50 m 0,-45 a 45,45 0 1 1 0,90 a 45,45 0 1 1 0,-90"
              pathLength="280"
              stroke-dasharray="280 280"
              stroke-dashoffset="210"
            />
          </svg>
        </div>
      </div>
    </div>
  </div>
   
</DocumentFragment>
`;
